2025-08-20 16:46:11 - 20250820_164611 - INFO - ColorPrinter日志系统初始化完成，日志文件: logs/20250820_164611.log
2025-08-20 16:46:11 - 20250820_164611 - INFO - COLOR_PRINT[RED]: SystemMessage: 
2025-08-20 16:46:11 - 20250820_164611 - INFO - COLOR_PRINT[YELLOW]: 正在初始化RAG检索器...
2025-08-20 16:46:11 - 20250820_164611 - INFO - COLOR_PRINT[RED]: 已加载RAG检索器
2025-08-20 16:46:12 - 20250820_164611 - INFO - COLOR_PRINT[RED]: SystemMessage:
2025-08-20 16:46:12 - 20250820_164611 - INFO - COLOR_PRINT[YELLOW]: 检索到相关医案:[{'证候': '气虚血溢证', '病情描述及四诊摘要': '患者主诉:解黑便2天\n病情描述:患者2天前口服牛蒡茶后解黑便，昨日至今晨共解黑便6次（具体量不详），无呕吐及呕血，时有腹胀，间断嗳气，无上腹痛，无反酸、上腹部、胸骨后烧灼感，无发热，近期食欲欠佳，无明显心慌胸闷、头晕，患者为求进一步诊治，由门诊以“上消化道出血”收入院。病程中患者：乏力，无明显心慌胸闷，睡眠尚可，小便正常，近期体重无明显变化，舌质淡，脉细弱。\n中医四诊摘要:神志清晰，精神欠佳，形体适中，语言清晰，口唇苍白；皮肤苍白，无斑疹。头颅大小形态正常，无目窼下陷，白睛无黄染，耳轮正常，无耳瘘及生疮；颈部对称，无青筋暴露，无瘿瘤瘰疬，胸部对称，虚里搏动正常，腹部平坦，无癥瘕痞块，爪甲色泽苍白，双下肢无浮肿，舌质淡，脉细弱。'}, {'证候': '气虚血溢证', '病情描述及四诊摘要': '患者主诉:呕血、黑便2天\n病情描述:患者2天无明显诱因出现呕吐一次，呕吐酱油色液体及胃内容物（具体呕血量不详），黑便1次，量不多，伴有上腹胀，四肢乏力，有反酸、嗳气及上腹部、胸骨后烧灼感，无发热，近期食欲欠佳，患者伴有心慌、胸闷、头晕等症状，无口服非甾体抗炎药物史，无热，患者今日就诊于我院门诊，由门诊以“上消化道出血”收入院。病程中患者：纳少，睡眠尚可，小便量少，近期体重无明显变化，吐血色淡，神疲乏力，心悸气短，面色苍白，舌质淡，脉细弱。近一月未服用阿司匹林，近期体重下降6kg。\n中医四诊摘要:神志清晰，精神尚可，形体适中，语言清晰，口唇红润；皮肤正常，无斑疹。头颅大小形态正常，无目窼下陷，白睛无黄染，耳轮正常，无耳瘘及生疮；颈部对称，无青筋暴露，无瘿瘤瘰疬，胸部对称，虚里搏动正常，腹部平坦，无癥瘕痞块，爪甲色泽红润，双下肢无浮肿，舌淡红，苔白，脉弦。'}, {'证候': '肝胃郁热证', '病情描述及四诊摘要': '患者主诉:上腹部不适3天\n病情描述:患者3天前无明显诱因出现上腹部疼痛，呈持续性隐痛，无肩背部放射痛，无反酸、嗳气、腹胀、上腹部烧灼感，无恶心、呕吐，无发热，食欲欠佳，大便每日一次，质粘不成形，无粘液、脓血便，无头晕头痛，无心慌胸闷气喘，就诊于我院，查上腹部CT：1、符合 胰腺炎表现。 2、肝脏轻度脂肪变性。 3、胆囊炎。 4、右肾内致密影，考虑结石\\钙化灶。患者为求进一步诊治，今来我院，由门诊收入我科。病程中患者：无头晕，无心悸胸闷，纳少，睡眠可，小便正常，近期体重无明显变化，舌红苔白，脉弦。\n中医四诊摘要:神志清晰，精神尚可，形体形体适中，语言清晰，口唇红润；皮肤正常，无斑疹。头颅大小形态正常，无目窼下陷，白睛无黄染，耳轮正常，无耳瘘及生疮；颈部对称，无青筋暴露，无瘿瘤瘰疬，胸部对称，虚里搏动正常，腹部平坦，无癥瘕痞块，爪甲色泽红润，双下肢无浮肿，舌淡红，苔白，脉弦。'}, {'证候': '肝胃不和证', '病情描述及四诊摘要': '患者主诉:上腹部不适间作一周\n病情描述:患者一周前无明显诱因出现上腹部不适，腹痛隐隐，发作无定时，疼痛不甚，无腹胀，无恶心、呕吐，无呃逆、呕吐，饮食尚可，大便不成形，2-3次/天，无里急后重，无肉眼脓血便，小便正常，无明显乏力，今为求中西医结合进一步诊治再来我院，门诊遂拟慢性胃炎收住入院。病程中患者上腹部不适，口干口苦间作，食欲尚可，无发热、黄疸，无吞咽困难，无呕血、黑便，食纳、睡眠尚可，大小便欠调，近期无明显消瘦。\n中医四诊摘要:神志清晰，精神尚可，形体形体适中，语言清晰，口唇红润；皮肤正常，无斑疹。头颅大小形态正常，无目窼下陷，无白睛，耳轮正常，无耳瘘级生疮；颈部对称，无青筋暴露，无瘿瘤瘰疬，胸部对称，虚里搏动正常，腹部平坦，无癥瘕痞块，爪甲色泽红润，双下肢对称。舌质红，苔薄黄，脉弦。'}, {'证候': '气虚血溢证', '病情描述及四诊摘要': '患者主诉:双下肢水肿40余天\n病情描述:患者自诉40天前无明显诱因出现双下肢水肿，后症状逐渐加重，为求进一步治疗入院，病程中无意识模糊、无肢体抽搐，刻下患者神清，精神尚可，双下肢水肿，食纳可，夜寐安，二便畅。\n中医四诊摘要:神志清晰，精神尚可，形体适中，语言清晰，口唇红润；皮肤正常，无斑疹。头颅大小形态正常，无目窼下陷，白睛无黄染，耳轮正常，无耳瘘及生疮；颈部对称，无青筋暴露，无瘿瘤瘰疬，胸部对称，虚里搏动正常，腹部平坦，无癥瘕痞块，爪甲色泽红润，双下肢有浮肿，舌淡红，苔白，脉弦。'}, {'证候': '气虚不摄证', '病情描述及四诊摘要': '患者主诉:呕血2小时。\n病情描述:患者2小时前无明显诱因出现吐鲜血，色红，反酸、嗳气、烧心偶作，偶有恶心干呕，无发热，头晕偶作，无心慌胸闷，未进食，无便血，当时未予重视。于今晨6时再次吐鲜血，量约50mL，遂至我院就诊，门诊查“新型冠状病毒核酸试验未见明显异常。胸部CT：右肺中叶陈旧性索条”，遂由门诊收入我科，入院时患者：吐血未作，反酸、嗳气、烧心偶作，偶有恶心干呕，无发热，头晕偶作，无心慌胸闷，未进食，无便血，近期体重无明显下降，舌红苔薄白，脉细弦。\n中医四诊摘要:6.中医四诊摘要：神志清晰，精神尚可，形体形体适中，语言清晰，口唇红润；皮肤正常，无斑疹。头颅大小形态正常，无目窼下陷，无白睛，耳轮正常，无耳瘘级生疮；颈部对称，无青筋暴露，无瘿瘤瘰疬，胸部对称，虚里搏动正常，腹部平坦，无癥瘕痞块，爪甲色泽红润，双下肢对称，舌淡红，苔白，脉细。'}, {'证候': '肝胃不和证', '病情描述及四诊摘要': '患者主诉:上腹部不适伴恶心、呕吐一周\n病情描述:患者一周前无明显诱因出现上腹部不适伴恶心、呕吐，呕吐物为少量胃内容物，伴嗳气间作，无反酸烧心，无心慌、胸闷，无咳嗽、咳痰，无发热汗出，排气排便正常，未予重视，未系统治疗，今为求中西医结合进一步诊治再来我院，门诊遂拟呕吐待查：急性胃炎？不全性肠梗阻？住入我科。病程中患者上腹部不适，恶心，阵发性头晕，无头痛，无后背部放射性疼痛，无吞咽困难，无咳痰、咯血，无呕血、黑便，食纳、睡眠欠佳，排便正常，近期无明显消瘦。\n中医四诊摘要:神志清晰，精神尚可，形体适中，语言清晰，口唇红润；皮肤正常，无斑疹。头颅大小形态正常，无目窼下陷，无白睛，耳轮正常，无耳瘘级生疮；颈部对称，无青筋暴露，无瘿瘤瘰疬，胸部对称，虚里搏动正常，腹部平坦，无癥瘕痞块，爪甲色泽红润，双下肢对称，舌淡红，苔白，脉细。'}, {'证候': '肝胃郁热证', '病情描述及四诊摘要': '患者主诉:上腹痛间作7天\n病情描述:患者7天前无明显诱因出现上腹胀痛，无肩背部放射痛，有反酸、嗳气、腹胀及上腹部、胸骨后烧灼感，无恶心、呕吐，无发热，食欲尚可，大便每日一次，无粘液、脓血便，患者为求进一步诊治，今来我院，由门诊收入我科。病程中患者：无头晕，无心悸胸闷，纳可，睡眠可，小便调，近期体重无明显变化，进食后感胃脘嘈杂，舌红苔白，脉弦，平素压力较大，心情低落。\n中医四诊摘要:神志清晰，精神尚可，形体形体适中，语言清晰，口唇红润；皮肤正常，无斑疹。头颅大小形态正常，无目窼下陷，白睛无黄染，耳轮正常，无耳瘘及生疮；颈部对称，无青筋暴露，无瘿瘤瘰疬，胸部对称，虚里搏动正常，腹部平坦，无癥瘕痞块，爪甲色泽红润，双下肢无浮肿，舌淡红，苔白，脉弦。'}, {'证候': '气虚血溢证', '病情描述及四诊摘要': '患者主诉:大便发黑七天\n病情描述:患者七天前因饮食不节出现大便发黑，日行一次，量少，无粘液，伴腹部阵发性隐痛，无腰背部及双下肢放射痛，伴反酸、嗳气及胸骨后烧灼感，无恶心呕吐，无发热，乏力，无心慌胸闷，食纳欠佳，夜寐欠安，小便调，予药物（具体用药不详）口服后症状未见明显好转。七天间患者大便发黑症状未见明显好转，现为进一步诊治，今来我院，由门诊收入我科。入院时患者：大便发黑，日行1-2次，无粘液，伴腹部阵发性隐痛，无腰背部及双下肢放射痛，伴反酸、嗳气及胸骨后烧灼感，无恶心呕吐，无发热，乏力偶作，无头晕，无心悸胸闷，食纳欠佳，夜寐欠安，小便调，近期体重无明显变化，舌红苔薄黄，脉弦。\n中医四诊摘要:神志清晰，精神尚可，形体形体适中，语言清晰，口唇红润；皮肤正常，无斑疹。头颅大小形态正常，无目窼下陷，白睛无黄染，耳轮正常，无耳瘘及生疮；颈部对称，无青筋暴露，无瘿瘤瘰疬，胸部对称，虚里搏动正常，腹部平坦，无癥瘕痞块，爪甲色泽红润，双下肢无浮肿，舌红，苔薄黄，脉弦。'}, {'证候': '湿热蕴结证', '病情描述及四诊摘要': '患者主诉:腹部胀满疼痛二月余\n病情描述:患者一个月来反复出现上腹部隐痛，时间不规律，疼痛时间不固定，未予重视，后患者上腹部隐痛发作时间延长，门诊予奥美拉唑、荜铃胃痛颗粒口服后症状无明显改善，2019.02.09日夜间疼痛明显，外院行心梗标记物、血淀粉酶检查未见明显异常，行腹部CT示升结肠肠壁稍增厚，请结合临床，部分小肠稍扩张、积气。发病以来患者上腹部胀满，排气减少，大便2-3日一行，小便正常，饮食下降，无恶心呕吐，无呕血黑便，无心慌胸闷,今为求中西医结合进一步诊治再来我院，门诊遂拟腹痛待查：慢性胃炎？消化道肿瘤？收住入院。病程中患者上腹部胀痛，嗳气、纳差、无发热、黄疸，无吞咽困难，无呕血、黑便，无腹泻，食纳、睡眠欠佳，大便偏干，小便正常。\n中医四诊摘要:神志清晰，精神尚可，形体偏瘦，语言清晰，口唇红润；皮肤正常，无斑疹。头颅大小形态正常，无目窼下陷，无白睛，耳轮正常，无耳瘘级生疮；颈部对称，无青筋暴露，无瘿瘤瘰疬，胸部对称，虚里搏动正常，腹部平坦，无癥瘕痞块，爪甲色泽红润，双下肢对称，舌质淡红，苔薄白，脉弱。'}]
2025-08-20 16:46:24 - 20250820_164611 - INFO - COLOR_PRINT[GREEN]: SyndromeAgent:
2025-08-20 16:46:24 - 20250820_164611 - INFO - COLOR_PRINT[WHITE]: 已生成以下初步判断的证候:
{
  "thinking": "患者24岁男性，持续性腹部不适2天，无明显恶心呕吐、食欲变化，无饮食诱因；工作睡眠一般；舌质粉红、苔厚白，提示内有寒湿或气滞。厚白苔兼痛而不剧，多属寒湿困脾或肝胃气滞。与检索医案中“肝胃不和”“肝胃郁热”“湿热蕴结”等主诉虽类似，但病性（寒热）不符。结合“无明显热象、疼痛不重”与厚白苔，最贴切病机为“寒湿困脾”“肝胃气滞”。现有证候表中“肝胃不和证”“寒湿阻络证”“脾胃不和证”均可概括；若以舌苔厚白为主，偏重“寒湿”，可兼“气滞”。",
  "syndrome": ["肝胃不和证","寒湿阻络证","脾胃不和证"]
}
2025-08-20 16:46:24 - 20250820_164611 - INFO - COLOR_PRINT[RED]: SystemMessage:
2025-08-20 16:46:24 - 20250820_164611 - INFO - COLOR_PRINT[YELLOW]: 找到相关证候:{'肝胃不和证': {'category': '气滞类', 'description': '以气机阻滞、运行不畅为特征，常见胀痛、情志抑郁', 'same_category_syndromes': ['肝郁气滞证', '肝胃气滞证', '气滞证', '肝气犯胃证', '肝胃不和证', '肝郁脾虚证']}, '寒湿阻络证': {'category': '经络闭阻类', 'description': '以邪气阻滞经络为特征，常见肢体麻木、运动障碍', 'same_category_syndromes': ['心脉痹阻证', '瘀阻心脉证', '风寒阻络证', '湿热阻络证', '风湿热证', '寒湿阻络证', '外伤损络证', '风寒痹阻证', '风热伤络证']}, '脾胃不和证': {'category': '脏腑兼病类', 'description': '涉及两个及以上脏腑功能失调，常见复合症状', 'same_category_syndromes': ['脾肾两虚证', '肺肾气虚证', '肝肾亏虚证', '心肾不交证', '肾虚肝亢证', '脾胃不和证', '脾肾气虚证', '肝肾阴虚证', '肝肾两虚证', '肝肾亏损证', '肾不纳气证', '肾虚证']}}
2025-08-20 16:46:40 - 20250820_164611 - INFO - COLOR_PRINT[GREEN]: SyndromeAgent:
2025-08-20 16:46:40 - 20250820_164611 - INFO - COLOR_PRINT[WHITE]: 已生成以下相似证候:
{"thinking":"患者以持续性腹部不适为主，无呕恶、热象，舌质粉、苔厚白，提示中焦寒湿兼气滞为主。初判肝胃不和、寒湿阻络、脾胃不和三证中：\n1. 寒湿阻络虽含“寒湿”，但归经络闭阻类，主症多为肢体麻木运动障碍，与腹痛不甚、无明显肢体症状不符，可排除。\n2. 肝胃不和、脾胃不和均属气机失调兼脏腑功能紊乱。现主诉在脘腹，苔厚白为寒湿困脾，肝气易疏泄不及而犯胃，故“肝胃不和证”最贴切；若侧重脾胃功能失和，亦可纳入“脾胃不和证”。但二者同质异名，肝胃不和更能反映“气郁+寒湿”病机。\n3. 同类别证候中，肝郁气滞、肝胃气滞、肝气犯胃等均偏重气郁，但患者寒象（厚白苔）明显，肝胃不和已兼顾气滞与不和，最恰切。","syndrome":["肝胃不和证"]}
2025-08-20 16:46:40 - 20250820_164611 - INFO - COLOR_PRINT[RED]: SystemMessage:
2025-08-20 16:46:40 - 20250820_164611 - INFO - COLOR_PRINT[YELLOW]: 检索到证候知识图谱:[[{'source': '肝胃不和证', 'relation': '对应常见病及治疗方法：', 'target': '3、呃逆\n\n表现为呃逆有声，时发时止，尤以情绪波动时明显，可伴恶心，脘痛胁胀，口干而苦，舌质红苔薄白，脉弦。为情志不畅，气机不畅，上逆犯胃、胃失和降所致。宜疏肝和胃降逆，方用柴胡疏肝汤合橘皮竹茹汤（《金匮要略》）。'}, {'source': '肝胃不和证', 'relation': '对应常见病及治疗方法：', 'target': '2、呕吐\n\n表现为呕吐吞酸，嗳气频繁，胸胁满痛，烦闷不舒、舌边红、苔薄腻、脉弦。为情志失调，肝气怫郁，横逆犯胃，胃气不降，反而上逆所致。宜疏肝理气和胃，方用四七汤（《和剂局方》）。'}, {'source': '肝胃不和证', 'relation': '对应常见病及治疗方法：', 'target': '1、胃脘痛\n\n表现为胃脘胀满，攻痛连胁，甚则两胁䐜胀，难受，嗳气频频，苔多薄白，脉象沉弦。多为情志不遂、肝气郁结不得疏泄，横逆犯胃，胃失和降所致。治宜疏肝理气，和胃止痛，方用柴胡疏肝散（《景岳全书》）。'}, {'source': '肝胃不和证', 'relation': '有症状：', 'target': '脉弦'}, {'source': '肝胃不和证', 'relation': '有症状：', 'target': '苔薄白或薄黄'}, {'source': '肝胃不和证', 'relation': '有症状：', 'target': '舌淡红'}, {'source': '肝胃不和证', 'relation': '有症状：', 'target': '或烦躁易怒'}, {'source': '肝胃不和证', 'relation': '有症状：', 'target': '善太息'}, {'source': '肝胃不和证', 'relation': '有症状：', 'target': '情绪抑郁'}, {'source': '肝胃不和证', 'relation': '有症状：', 'target': '饮食减少'}, {'source': '肝胃不和证', 'relation': '有症状：', 'target': '吞酸嘈杂'}, {'source': '肝胃不和证', 'relation': '有症状：', 'target': '嗳气'}, {'source': '肝胃不和证', 'relation': '有症状：', 'target': '呃逆'}, {'source': '肝胃不和证', 'relation': '有症状：', 'target': '胃脘痞满'}, {'source': '肝胃不和证', 'relation': '有症状：', 'target': '胁肋胀痛或窜痛'}, {'source': '肝胃不和证', 'relation': '有症状：', 'target': '胃脘'}, {'source': '肝胃不和证', 'relation': '的定义是', 'target': '是指肝气郁滞，横逆犯胃，胃失和降，以胃院、胁肋胀满疼痛，暖气、呢逆、吞酸，情绪抑郁，不欲食，苔薄黄，脉弦等为常见症的证候。常见于胃脘痛、呕吐、呃逆等疾病中。西医学的急慢性胃炎、急慢性肝炎、胃及十二指肠球部溃疡、胃神经官能症、幽门痉挛或梗阻、胆囊炎、胃癌等疾病中可见本证。'}]]
2025-08-20 16:46:54 - 20250820_164611 - INFO - COLOR_PRINT[GREEN]: SyndromeAgent:
2025-08-20 16:46:54 - 20250820_164611 - INFO - COLOR_PRINT[WHITE]: 已生成以下证候判断结果:
{"thinking":"患者主症为持续性腹部不适，无恶心呕吐、食欲正常，提示气机失调而非胃气上逆；舌质粉红、苔厚白，提示寒湿内停而非薄白或薄黄苔。知识图谱中“肝胃不和证”定义强调肝气郁滞、横逆犯胃，主症应见胁肋胀痛、嗳气呃逆、吞酸嘈杂、情绪抑郁等，而患者均未出现，且苔厚白与“薄白/薄黄”不符，病性以寒湿为主而非郁热。两者病机差异明显。但现有资料中患者无呃逆、胁痛等肝胃不和典型症状，舌象亦不支持，说明以寒湿为主，非肝胃不和核心矛盾，故不宜定肝胃不和。","need_more_information":true,"needed_information":"胁肋是否胀痛、情绪波动情况及胃脘部是否痞满、嗳气呃逆等气机症状，确认肝胃不和或寒湿困脾。","syndrome":"肝胃不和证"}
2025-08-20 16:46:54 - 20250820_164611 - INFO - COLOR_PRINT[GREEN]: SyndromeAgent:
2025-08-20 16:46:54 - 20250820_164611 - INFO - COLOR_PRINT[WHITE]: {'thinking': '患者主症为持续性腹部不适，无恶心呕吐、食欲正常，提示气机失调而非胃气上逆；舌质粉红、苔厚白，提示寒湿内停而非薄白或薄黄苔。知识图谱中“肝胃不和证”定义强调肝气郁滞、横逆犯胃，主症应见胁肋胀痛、嗳气呃逆、吞酸嘈杂、情绪抑郁等，而患者均未出现，且苔厚白与“薄白/薄黄”不符，病性以寒湿为主而非郁热。两者病机差异明显。但现有资料中患者无呃逆、胁痛等肝胃不和典型症状，舌象亦不支持，说明以寒湿为主，非肝胃不和核心矛盾，故不宜定肝胃不和。', 'need_more_information': True, 'needed_information': '胁肋是否胀痛、情绪波动情况及胃脘部是否痞满、嗳气呃逆等气机症状，确认肝胃不和或寒湿困脾。', 'syndrome': '肝胃不和证'}
2025-08-20 16:46:58 - 20250820_164611 - INFO - COLOR_PRINT[GREEN]: InformationAgent: 
2025-08-20 16:46:58 - 20250820_164611 - INFO - COLOR_PRINT[WHITE]: 。
2025-08-20 16:47:37 - 20250820_164611 - INFO - 用户输入: 你好
2025-08-20 16:47:42 - 20250820_164611 - INFO - COLOR_PRINT[GREEN]: InformationAgent: 
2025-08-20 16:47:42 - 20250820_164611 - INFO - COLOR_PRINT[WHITE]: 请问您最近是否感觉胁肋部（身体两侧肋骨下缘）有胀痛或不适感？
2025-08-20 16:47:56 - 20250820_164611 - INFO - 用户输入: 没有
2025-08-20 16:48:00 - 20250820_164611 - INFO - COLOR_PRINT[GREEN]: InformationAgent: 
2025-08-20 16:48:00 - 20250820_164611 - INFO - COLOR_PRINT[WHITE]: 请问您最近情绪波动是否明显，比如容易烦躁或郁闷？
2025-08-20 16:49:34 - 20250820_164611 - INFO - 用户输入: 没有
2025-08-20 16:49:38 - 20250820_164611 - INFO - COLOR_PRINT[GREEN]: InformationAgent: 
2025-08-20 16:49:38 - 20250820_164611 - INFO - COLOR_PRINT[WHITE]: 请问您胃脘部（心口窝位置）是否有胀满、堵闷的感觉？
2025-08-20 16:50:00 - 20250820_164611 - INFO - 用户输入: 没有
2025-08-20 16:50:05 - 20250820_164611 - INFO - COLOR_PRINT[GREEN]: InformationAgent: 
2025-08-20 16:50:05 - 20250820_164611 - INFO - COLOR_PRINT[WHITE]: 请问您最近是否有嗳气、打嗝或反酸的情况？
2025-08-20 16:50:10 - 20250820_164611 - INFO - 用户输入: 无
2025-08-20 16:50:14 - 20250820_164611 - INFO - COLOR_PRINT[GREEN]: InformationAgent: 
2025-08-20 16:50:14 - 20250820_164611 - INFO - COLOR_PRINT[WHITE]: <INFORMATION_TASK_DONE>
2025-08-20 16:50:23 - 20250820_164611 - INFO - COLOR_PRINT[RED]: SystemMessage:
2025-08-20 16:50:23 - 20250820_164611 - INFO - COLOR_PRINT[YELLOW]: PatientBackgroundInformation:患者为24岁男性，
主诉持续性腹部不适2天，
无明显恶心呕吐及食欲变化，
无胁肋胀痛、情绪波动、胃脘痞满、嗳气呃逆等气机症状，
无明确饮食变化或诱因，
工作压力及睡眠情况一般，
舌象显示厚白苔（舌质粉红），提示体内湿气过重或寒湿内停可能，
证属脾胃寒湿或气滞可能。
<INFORMATION_TASK_DONE>
2025-08-20 16:50:23 - 20250820_164611 - INFO - COLOR_PRINT[RED]: SystemMessage:
2025-08-20 16:50:23 - 20250820_164611 - INFO - COLOR_PRINT[YELLOW]: 检索到相关医案:[{'证候': '肝胃郁热证', '病情描述及四诊摘要': '患者主诉:上腹疼痛2天\n病情描述:患者2天无明显诱因出现上腹部疼痛，呈持续性隐痛，无肩背部放射痛，无反酸、嗳气、腹胀、上腹部烧灼感，无恶心、呕吐，无发热，食欲欠佳，大便无粘液、脓血便，患者为求进一步诊治，今来我院，查胸部螺旋CT平扫未示明确异常。腹部CT示胃窦、十二指肠走行区致密异物影；脂肪肝。由门诊收入我科。追问病史，患者4月7日有误食入异物（磁珠）史，病程中患者：无头晕，无心悸胸闷，纳少，睡眠可，小便正常，近期体重无明显变化，舌红苔白，脉弦。\n中医四诊摘要:神志清晰，精神尚可，形体形体适中，语言清晰，口唇红润；皮肤正常，无斑疹。头颅大小形态正常，无目窼下陷，白睛无黄染，耳轮正常，无耳瘘及生疮；颈部对称，无青筋暴露，无瘿瘤瘰疬，胸部对称，虚里搏动正常，腹部平坦，无癥瘕痞块，爪甲色泽红润，双下肢无浮肿，舌淡红，苔白，脉弦。'}, {'证候': '肝胃郁热证', '病情描述及四诊摘要': '患者主诉:上腹痛2天\n病情描述:患者2天进食不洁食物后出现上腹部疼痛，呈持续性隐痛，进食后则缓解，无肩背部放射痛，有反酸、嗳气、腹胀、上腹部烧灼感，无恶心、呕吐，无发热，食欲欠佳，大便每日一次，质粘不成形，无粘液、脓血便，至当地医院，查电子胃镜示慢性胃炎伴糜烂，Hp（+），口服药物（所用药物不祥）后症状未见明显好转，患者为求进一步诊治，今来我院，由门诊收入我科。病程中患者：无头晕，无心悸胸闷，纳少，睡眠可，小便正常，近期体重无明显变化，舌红苔白，脉弦。\n中医四诊摘要:神志清晰，精神尚可，形体形体适中，语言清晰，口唇红润；皮肤正常，无斑疹。头颅大小形态正常，无目窼下陷，白睛无黄染，耳轮正常，无耳瘘及生疮；颈部对称，无青筋暴露，无瘿瘤瘰疬，胸部对称，虚里搏动正常，腹部平坦，无癥瘕痞块，爪甲色泽红润，双下肢无浮肿，舌淡红，苔白，脉弦。'}, {'证候': '气虚血溢证', '病情描述及四诊摘要': '患者主诉:解黑便2天\n病情描述:患者2天前口服牛蒡茶后解黑便，昨日至今晨共解黑便6次（具体量不详），无呕吐及呕血，时有腹胀，间断嗳气，无上腹痛，无反酸、上腹部、胸骨后烧灼感，无发热，近期食欲欠佳，无明显心慌胸闷、头晕，患者为求进一步诊治，由门诊以“上消化道出血”收入院。病程中患者：乏力，无明显心慌胸闷，睡眠尚可，小便正常，近期体重无明显变化，舌质淡，脉细弱。\n中医四诊摘要:神志清晰，精神欠佳，形体适中，语言清晰，口唇苍白；皮肤苍白，无斑疹。头颅大小形态正常，无目窼下陷，白睛无黄染，耳轮正常，无耳瘘及生疮；颈部对称，无青筋暴露，无瘿瘤瘰疬，胸部对称，虚里搏动正常，腹部平坦，无癥瘕痞块，爪甲色泽苍白，双下肢无浮肿，舌质淡，脉细弱。'}, {'证候': '气虚血溢证', '病情描述及四诊摘要': '患者主诉:呕血、黑便2天\n病情描述:患者2天无明显诱因出现呕吐一次，呕吐酱油色液体及胃内容物（具体呕血量不详），黑便1次，量不多，伴有上腹胀，四肢乏力，有反酸、嗳气及上腹部、胸骨后烧灼感，无发热，近期食欲欠佳，患者伴有心慌、胸闷、头晕等症状，无口服非甾体抗炎药物史，无热，患者今日就诊于我院门诊，由门诊以“上消化道出血”收入院。病程中患者：纳少，睡眠尚可，小便量少，近期体重无明显变化，吐血色淡，神疲乏力，心悸气短，面色苍白，舌质淡，脉细弱。近一月未服用阿司匹林，近期体重下降6kg。\n中医四诊摘要:神志清晰，精神尚可，形体适中，语言清晰，口唇红润；皮肤正常，无斑疹。头颅大小形态正常，无目窼下陷，白睛无黄染，耳轮正常，无耳瘘及生疮；颈部对称，无青筋暴露，无瘿瘤瘰疬，胸部对称，虚里搏动正常，腹部平坦，无癥瘕痞块，爪甲色泽红润，双下肢无浮肿，舌淡红，苔白，脉弦。'}, {'证候': '气虚血溢证', '病情描述及四诊摘要': '患者主诉:双下肢水肿40余天\n病情描述:患者自诉40天前无明显诱因出现双下肢水肿，后症状逐渐加重，为求进一步治疗入院，病程中无意识模糊、无肢体抽搐，刻下患者神清，精神尚可，双下肢水肿，食纳可，夜寐安，二便畅。\n中医四诊摘要:神志清晰，精神尚可，形体适中，语言清晰，口唇红润；皮肤正常，无斑疹。头颅大小形态正常，无目窼下陷，白睛无黄染，耳轮正常，无耳瘘及生疮；颈部对称，无青筋暴露，无瘿瘤瘰疬，胸部对称，虚里搏动正常，腹部平坦，无癥瘕痞块，爪甲色泽红润，双下肢有浮肿，舌淡红，苔白，脉弦。'}, {'证候': '肝胃郁热证', '病情描述及四诊摘要': '患者主诉:上腹部不适3天\n病情描述:患者3天前无明显诱因出现上腹部疼痛，呈持续性隐痛，无肩背部放射痛，无反酸、嗳气、腹胀、上腹部烧灼感，无恶心、呕吐，无发热，食欲欠佳，大便每日一次，质粘不成形，无粘液、脓血便，无头晕头痛，无心慌胸闷气喘，就诊于我院，查上腹部CT：1、符合 胰腺炎表现。 2、肝脏轻度脂肪变性。 3、胆囊炎。 4、右肾内致密影，考虑结石\\钙化灶。患者为求进一步诊治，今来我院，由门诊收入我科。病程中患者：无头晕，无心悸胸闷，纳少，睡眠可，小便正常，近期体重无明显变化，舌红苔白，脉弦。\n中医四诊摘要:神志清晰，精神尚可，形体形体适中，语言清晰，口唇红润；皮肤正常，无斑疹。头颅大小形态正常，无目窼下陷，白睛无黄染，耳轮正常，无耳瘘及生疮；颈部对称，无青筋暴露，无瘿瘤瘰疬，胸部对称，虚里搏动正常，腹部平坦，无癥瘕痞块，爪甲色泽红润，双下肢无浮肿，舌淡红，苔白，脉弦。'}, {'证候': '气虚不摄证', '病情描述及四诊摘要': '患者主诉:呕血2小时。\n病情描述:患者2小时前无明显诱因出现吐鲜血，色红，反酸、嗳气、烧心偶作，偶有恶心干呕，无发热，头晕偶作，无心慌胸闷，未进食，无便血，当时未予重视。于今晨6时再次吐鲜血，量约50mL，遂至我院就诊，门诊查“新型冠状病毒核酸试验未见明显异常。胸部CT：右肺中叶陈旧性索条”，遂由门诊收入我科，入院时患者：吐血未作，反酸、嗳气、烧心偶作，偶有恶心干呕，无发热，头晕偶作，无心慌胸闷，未进食，无便血，近期体重无明显下降，舌红苔薄白，脉细弦。\n中医四诊摘要:6.中医四诊摘要：神志清晰，精神尚可，形体形体适中，语言清晰，口唇红润；皮肤正常，无斑疹。头颅大小形态正常，无目窼下陷，无白睛，耳轮正常，无耳瘘级生疮；颈部对称，无青筋暴露，无瘿瘤瘰疬，胸部对称，虚里搏动正常，腹部平坦，无癥瘕痞块，爪甲色泽红润，双下肢对称，舌淡红，苔白，脉细。'}, {'证候': '气虚血溢证', '病情描述及四诊摘要': '患者主诉:大便发黑七天\n病情描述:患者七天前因饮食不节出现大便发黑，日行一次，量少，无粘液，伴腹部阵发性隐痛，无腰背部及双下肢放射痛，伴反酸、嗳气及胸骨后烧灼感，无恶心呕吐，无发热，乏力，无心慌胸闷，食纳欠佳，夜寐欠安，小便调，予药物（具体用药不详）口服后症状未见明显好转。七天间患者大便发黑症状未见明显好转，现为进一步诊治，今来我院，由门诊收入我科。入院时患者：大便发黑，日行1-2次，无粘液，伴腹部阵发性隐痛，无腰背部及双下肢放射痛，伴反酸、嗳气及胸骨后烧灼感，无恶心呕吐，无发热，乏力偶作，无头晕，无心悸胸闷，食纳欠佳，夜寐欠安，小便调，近期体重无明显变化，舌红苔薄黄，脉弦。\n中医四诊摘要:神志清晰，精神尚可，形体形体适中，语言清晰，口唇红润；皮肤正常，无斑疹。头颅大小形态正常，无目窼下陷，白睛无黄染，耳轮正常，无耳瘘及生疮；颈部对称，无青筋暴露，无瘿瘤瘰疬，胸部对称，虚里搏动正常，腹部平坦，无癥瘕痞块，爪甲色泽红润，双下肢无浮肿，舌红，苔薄黄，脉弦。'}, {'证候': '肝胃不和证', '病情描述及四诊摘要': '患者主诉:上腹部不适伴恶心、呕吐一周\n病情描述:患者一周前无明显诱因出现上腹部不适伴恶心、呕吐，呕吐物为少量胃内容物，伴嗳气间作，无反酸烧心，无心慌、胸闷，无咳嗽、咳痰，无发热汗出，排气排便正常，未予重视，未系统治疗，今为求中西医结合进一步诊治再来我院，门诊遂拟呕吐待查：急性胃炎？不全性肠梗阻？住入我科。病程中患者上腹部不适，恶心，阵发性头晕，无头痛，无后背部放射性疼痛，无吞咽困难，无咳痰、咯血，无呕血、黑便，食纳、睡眠欠佳，排便正常，近期无明显消瘦。\n中医四诊摘要:神志清晰，精神尚可，形体适中，语言清晰，口唇红润；皮肤正常，无斑疹。头颅大小形态正常，无目窼下陷，无白睛，耳轮正常，无耳瘘级生疮；颈部对称，无青筋暴露，无瘿瘤瘰疬，胸部对称，虚里搏动正常，腹部平坦，无癥瘕痞块，爪甲色泽红润，双下肢对称，舌淡红，苔白，脉细。'}, {'证候': '肝胃郁热证', '病情描述及四诊摘要': '患者主诉:上腹痛间作7天\n病情描述:患者7天前无明显诱因出现上腹胀痛，无肩背部放射痛，有反酸、嗳气、腹胀及上腹部、胸骨后烧灼感，无恶心、呕吐，无发热，食欲尚可，大便每日一次，无粘液、脓血便，患者为求进一步诊治，今来我院，由门诊收入我科。病程中患者：无头晕，无心悸胸闷，纳可，睡眠可，小便调，近期体重无明显变化，进食后感胃脘嘈杂，舌红苔白，脉弦，平素压力较大，心情低落。\n中医四诊摘要:神志清晰，精神尚可，形体形体适中，语言清晰，口唇红润；皮肤正常，无斑疹。头颅大小形态正常，无目窼下陷，白睛无黄染，耳轮正常，无耳瘘及生疮；颈部对称，无青筋暴露，无瘿瘤瘰疬，胸部对称，虚里搏动正常，腹部平坦，无癥瘕痞块，爪甲色泽红润，双下肢无浮肿，舌淡红，苔白，脉弦。'}]
2025-08-20 16:50:33 - 20250820_164611 - INFO - COLOR_PRINT[GREEN]: SyndromeAgent:
2025-08-20 16:50:33 - 20250820_164611 - INFO - COLOR_PRINT[WHITE]: 已生成以下初步判断的证候:
{"thinking":"患者以持续性腹部不适为主症，无胁肋胀痛、嗳气、呕吐、反酸、情绪波动等肝胃气郁表现，可排除肝胃不和、肝胃郁热。无呕血黑便、乏力心悸等明显气虚血溢或气虚不摄证候。舌苔厚白提示湿邪内停，结合主诉中明确提出“可能属脾胃寒湿”，当以寒湿困脾、气机不利为主。现无热象及肝胆病证，故以病位在脾、病机属寒湿者最合。","syndrome":["寒湿内阻证","脾胃不和证"]}
2025-08-20 16:50:33 - 20250820_164611 - INFO - COLOR_PRINT[RED]: SystemMessage:
2025-08-20 16:50:33 - 20250820_164611 - INFO - COLOR_PRINT[YELLOW]: 找到相关证候:{'寒湿内阻证': {'category': '未分类', 'description': '该证候在分类表中未找到', 'same_category_syndromes': []}, '脾胃不和证': {'category': '脏腑兼病类', 'description': '涉及两个及以上脏腑功能失调，常见复合症状', 'same_category_syndromes': ['脾肾两虚证', '肺肾气虚证', '肝肾亏虚证', '心肾不交证', '肾虚肝亢证', '脾胃不和证', '脾肾气虚证', '肝肾阴虚证', '肝肾两虚证', '肝肾亏损证', '肾不纳气证', '肾虚证']}}
2025-08-20 16:50:43 - 20250820_164611 - INFO - COLOR_PRINT[GREEN]: SyndromeAgent:
2025-08-20 16:50:43 - 20250820_164611 - INFO - COLOR_PRINT[WHITE]: 已生成以下相似证候:
{"thinking":"患者无气机症状，厚白苔提示寒湿内停，病位在脾胃而非多脏腑同病，故不宜使用“脾胃不和证”；“寒湿内阻”虽在现成证候表中未独立列出，但依据“苔厚白＋腹部隐痛＋湿阻中焦”这一病机，最接近已列证候中“寒湿中阻证”“脾胃虚寒证”。二者均可见寒湿困脾、运化失职之腹部隐痛而无明显热象。两者比较，“寒湿中阻证”更侧重寒湿停滞气机之实，“脾胃虚寒证”兼阳气不足之虚；患者青年，病程短，痛势尚轻，更倾向“寒湿中阻”。","syndrome":["寒湿中阻证"]}
2025-08-20 16:50:43 - 20250820_164611 - INFO - COLOR_PRINT[RED]: SystemMessage:
2025-08-20 16:50:43 - 20250820_164611 - INFO - COLOR_PRINT[YELLOW]: 检索到证候知识图谱:[[]]
2025-08-20 16:50:52 - 20250820_164611 - INFO - COLOR_PRINT[GREEN]: SyndromeAgent:
2025-08-20 16:50:52 - 20250820_164611 - INFO - COLOR_PRINT[WHITE]: 已生成以下证候判断结果:
{
    "thinking": "患者证候要点：持续性腹部不适、无恶心呕吐及食欲变化，亦无胁胀嗳气等肝气、气滞表现；舌象厚白苔、舌质粉红，提示寒湿停滞于中焦脾胃。结合病程短、无明显热象或正虚症状，病机核心为“寒湿内停，脾运失健”，与证候表内“寒湿内阻证（或寒湿中阻证）”完全吻合，无需进一步信息即可确立。",
    "need_more_information": "false",
    "syndrome": "寒湿中阻证"
}
2025-08-20 16:50:52 - 20250820_164611 - INFO - COLOR_PRINT[GREEN]: SyndromeAgent:
2025-08-20 16:50:52 - 20250820_164611 - INFO - COLOR_PRINT[WHITE]: {'thinking': '患者证候要点：持续性腹部不适、无恶心呕吐及食欲变化，亦无胁胀嗳气等肝气、气滞表现；舌象厚白苔、舌质粉红，提示寒湿停滞于中焦脾胃。结合病程短、无明显热象或正虚症状，病机核心为“寒湿内停，脾运失健”，与证候表内“寒湿内阻证（或寒湿中阻证）”完全吻合，无需进一步信息即可确立。', 'need_more_information': 'false', 'syndrome': '寒湿中阻证'}
2025-08-20 16:51:12 - 20250820_164611 - INFO - COLOR_PRINT[RED]: SystemMessage:
2025-08-20 16:51:12 - 20250820_164611 - INFO - COLOR_PRINT[YELLOW]: 任务数量和计划不一致，正在重新生成
